
Memory Configuration

Name             Origin             Length             Attributes
selfRestoreRegion 0x0000000000000000 0x0000000000002400 xr
*default*        0x0000000000000000 0xffffffffffffffff

Linker script and memory map

                0x0000000000000000                . = 0x0
                0x0000000000000000                . = ALIGN (0x80)
                0x0000000000000000                _SELF_RESTORE_START = .

.selfRestore    0x0000000000000000     0x2338
 *(.selfRestore)
 .selfRestore   0x0000000000000000     0x2338 /esw/san2/premjha2/fapi2_lite/ekb/chips/p9/procedures/utils/stopreg/p9_core_save_restore_routines.o
                0x0000000000000000                _start
LOAD /esw/san2/premjha2/fapi2_lite/ekb/chips/p9/procedures/utils/stopreg/p9_core_save_restore_routines.o
OUTPUT(/esw/san2/premjha2/fapi2_lite/ekb/chips/p9/procedures/utils/stopreg/selfRest.bin binary)

.text           0x0000000000002338        0x0
 .text          0x0000000000002338        0x0 /esw/san2/premjha2/fapi2_lite/ekb/chips/p9/procedures/utils/stopreg/p9_core_save_restore_routines.o

.data           0x0000000000002338        0x0
 .data          0x0000000000002338        0x0 /esw/san2/premjha2/fapi2_lite/ekb/chips/p9/procedures/utils/stopreg/p9_core_save_restore_routines.o

.bss            0x0000000000002338        0x0
 .bss           0x0000000000002338        0x0 /esw/san2/premjha2/fapi2_lite/ekb/chips/p9/procedures/utils/stopreg/p9_core_save_restore_routines.o
